   Ôû▓ Next.js 16.0.8 (webpack)
   - Environments: .env
   - Experiments (use with caution):
     ┬À optimizePackageImports

   Creating an optimized production build ...
 Ô£ô (serwist) Bundling the service worker script with the URL '/sw.js' and the scope '/'...
 Ô£ô Compiled successfully in 12.2s
   Running TypeScript ...
node.exe : Failed to compile.
At line:1 char:1
+ & "C:\Program Files\nodejs/node.exe" "C:\Program 
Files\nodejs/node_mo ...
+ ~~~~~~~~~~~~~~~~~~~~~~~~~~~~~~~~~~~~~~~~~~~~~~~~~
~~~~~~~~~~~~~~~~~~~~
    + CategoryInfo          : NotSpecified: (Faile 
   d to compile.:String) [], RemoteException
    + FullyQualifiedErrorId : NativeCommandError
 

./src/lib/prisma.ts:41:39
Type error: Argument of type 'Pool' is not 
assignable to parameter of type 'string | 
PoolConfig'.

[0m [90m 39 |[39m     [90m// Pass connection 
string directly to createPool[39m
 [90m 40 |[39m     [36mconst[39m pool 
[33m=[39m 
mariadb[33m.[39mcreatePool(mariaDbUrl)[33m;[39m
[31m[1m>[22m[39m[90m 41 |[39m     
[36mconst[39m adapter [33m=[39m [36mnew[39m 
[33mPrismaMariaDb[39m(pool)[33m;[39m
 [90m    |[39m                                   
    [31m[1m^[22m[39m
 [90m 42 |[39m
 [90m 43 |[39m     [36mreturn[39m 
[36mnew[39m [33mPrismaClient[39m({
 [90m 44 |[39m       adapter[33m,[39m[0m
Next.js build worker exited with code: 1 and 
signal: null
